// Jest Snapshot v1, https://goo.gl/fbAQLP

exports[`App Component should match snapshot 1`] = `
<BrowserRouter>
  <Suspense
    fallback={
      <p>
        Error
      </p>
    }
  >
    <Switch>
      <Route
        component={[Function]}
        exact={true}
        pat="/"
      />
    </Switch>
  </Suspense>
</BrowserRouter>
`;
